[INFO] Scanning for projects...
[INFO] 
[INFO] ----------------------< pi:oliveiras-multimarcas >----------------------
[INFO] Building oliveiras-multimarcas 0.0.1-SNAPSHOT
[INFO]   from pom.xml
[INFO] --------------------------------[ jar ]---------------------------------
[INFO] 
[INFO] --- jacoco:0.8.11:prepare-agent (prepare-agent) @ oliveiras-multimarcas ---
[INFO] argLine set to -javaagent:C:\\Users\\chave\\.m2\\repository\\org\\jacoco\\org.jacoco.agent\\0.8.11\\org.jacoco.agent-0.8.11-runtime.jar=destfile=C:\\Users\\chave\\Downloads\\oliveiras-multimarcas-backend\\target\\jacoco.exec
[INFO] 
[INFO] --- jacoco:0.8.11:prepare-agent (jacoco-prepare-agent-integration) @ oliveiras-multimarcas ---
[INFO] jacoco.it.argLine set to -javaagent:C:\\Users\\chave\\.m2\\repository\\org\\jacoco\\org.jacoco.agent\\0.8.11\\org.jacoco.agent-0.8.11-runtime.jar=destfile=C:\\Users\\chave\\Downloads\\oliveiras-multimarcas-backend\\target\\jacoco.exec
[INFO] 
[INFO] --- resources:3.3.1:resources (default-resources) @ oliveiras-multimarcas ---
[INFO] Copying 2 resources from src\main\resources to target\classes
[INFO] Copying 0 resource from src\main\resources to target\classes
[INFO] 
[INFO] --- compiler:3.11.0:compile (default-compile) @ oliveiras-multimarcas ---
[INFO] Nothing to compile - all classes are up to date
[INFO] 
[INFO] --- resources:3.3.1:testResources (default-testResources) @ oliveiras-multimarcas ---
[INFO] skip non existing resourceDirectory C:\Users\chave\Downloads\oliveiras-multimarcas-backend\src\test\resources
[INFO] 
[INFO] --- compiler:3.11.0:testCompile (default-testCompile) @ oliveiras-multimarcas ---
[INFO] Changes detected - recompiling the module! :input tree
[INFO] Compiling 6 source files with javac [debug release 21] to target\test-classes
[INFO] ------------------------------------------------------------------------
[INFO] BUILD FAILURE
[INFO] ------------------------------------------------------------------------
[INFO] Total time:  3.394 s
[INFO] Finished at: 2025-12-09T17:32:16-03:00
[INFO] ------------------------------------------------------------------------
[ERROR] Failed to execute goal org.apache.maven.plugins:maven-compiler-plugin:3.11.0:testCompile (default-testCompile) on project oliveiras-multimarcas: Fatal error compiling: java.lang.ExceptionInInitializerError: com.sun.tools.javac.code.TypeTag :: UNKNOWN -> [Help 1]
[ERROR] 
[ERROR] To see the full stack trace of the errors, re-run Maven with the -e switch.
[ERROR] Re-run Maven using the -X switch to enable full debug logging.
[ERROR] 
[ERROR] For more information about the errors and possible solutions, please read the following articles:
[ERROR] [Help 1] http://cwiki.apache.org/confluence/display/MAVEN/MojoExecutionException
